2025-04-20 14:50:44,469 - INFO - Starting optimization with 2 trials, 1 minutes per benchmark
2025-04-20 14:50:44,470 - INFO - Results will be saved to optuna_results_20250420_145044
2025-04-20 14:50:45,248 - INFO - Trial 0: Testing parameters: boost_duration=2500000, boost_weight=3400, boost_decay=1500000, slice_us=25000, slice_min_us=7000
2025-04-20 14:53:19,674 - INFO - Trial 0 completed with score: -26.77
2025-04-20 14:53:19,675 - INFO - Metrics: paths_diff=-5.95%, crashes_diff=0.0%, edges_diff=2.6%, bitmap_diff=0.86pp, execs_diff=-4.8%
2025-04-20 14:53:19,835 - INFO - Trial 1: Testing parameters: boost_duration=1500000, boost_weight=1300, boost_decay=4500000, slice_us=30000, slice_min_us=9000
2025-04-20 14:54:45,434 - INFO - Trial 1 completed with score: -26.77
2025-04-20 14:54:45,435 - INFO - Metrics: paths_diff=-5.95%, crashes_diff=0.0%, edges_diff=2.6%, bitmap_diff=0.86pp, execs_diff=-4.8%
2025-04-20 14:54:45,496 - INFO - Optimization completed!
2025-04-20 14:54:45,514 - INFO - Best parameters: {'boost_duration': 2500000, 'boost_weight': 3400, 'boost_decay': 1500000, 'slice_us': 25000, 'slice_min_us': 7000}
2025-04-20 14:54:45,519 - INFO - Best value: -26.77
2025-04-20 14:54:45,763 - WARNING - Plotly not installed. Skipping visualizations.
2025-04-20 14:54:46,116 - INFO - Optimization interrupted by user.
2025-04-23 17:21:20,565 - INFO - Starting optimization with 2 trials, 1 minutes per benchmark
2025-04-23 17:21:20,565 - INFO - Results will be saved to optuna_results_20250423_172120
2025-04-23 17:21:21,687 - INFO - Trial 0: Testing parameters: boost_duration=500000, boost_weight=2200, boost_decay=3500000, slice_us=35000, slice_min_us=4000
2025-04-23 17:21:48,064 - INFO - Trial 0 completed with score: -26.77
2025-04-23 17:21:48,065 - INFO - Metrics: paths_diff=-5.95%, crashes_diff=0.0%, edges_diff=2.6%, bitmap_diff=0.86pp, execs_diff=-4.8%
2025-04-23 17:21:48,203 - INFO - Trial 1: Testing parameters: boost_duration=5000000, boost_weight=300, boost_decay=3000000, slice_us=5000, slice_min_us=5000
2025-04-23 17:21:48,859 - INFO - Trial 1 completed with score: -26.77
2025-04-23 17:21:48,859 - INFO - Metrics: paths_diff=-5.95%, crashes_diff=0.0%, edges_diff=2.6%, bitmap_diff=0.86pp, execs_diff=-4.8%
2025-04-23 17:21:48,906 - INFO - Optimization completed!
2025-04-23 17:21:48,909 - INFO - Best parameters: {'boost_duration': 500000, 'boost_weight': 2200, 'boost_decay': 3500000, 'slice_us': 35000, 'slice_min_us': 4000}
2025-04-23 17:21:48,913 - INFO - Best value: -26.77
2025-04-23 17:21:49,763 - WARNING - Plotly not installed. Skipping visualizations.
2025-04-23 17:21:50,262 - INFO - Simple matplotlib plots saved as fallback
2025-04-23 17:21:50,262 - INFO - Visualizations saved to optuna_results_20250423_172120/plots/
2025-04-23 17:23:12,902 - INFO - Starting optimization with 2 trials, 1 minutes per benchmark
2025-04-23 17:23:12,902 - INFO - Results will be saved to optuna_results_20250423_172312
2025-04-23 17:23:13,618 - INFO - Trial 0: Testing parameters: boost_duration=4000000, boost_weight=4500, boost_decay=2000000, slice_us=20000, slice_min_us=2000
2025-04-23 17:25:48,048 - INFO - Trial 0 completed with score: 41.97
2025-04-23 17:25:48,049 - INFO - Metrics: paths_diff=6.87%, crashes_diff=0.0%, edges_diff=1.35%, bitmap_diff=0.43pp, execs_diff=3.63%
2025-04-23 17:25:48,187 - INFO - Trial 1: Testing parameters: boost_duration=3000000, boost_weight=800, boost_decay=1000000, slice_us=20000, slice_min_us=2000
2025-04-23 17:28:23,508 - INFO - Trial 1 completed with score: 74.26
2025-04-23 17:28:23,509 - INFO - Metrics: paths_diff=11.67%, crashes_diff=0.0%, edges_diff=4.64%, bitmap_diff=1.47pp, execs_diff=2.22%
2025-04-23 17:28:23,565 - INFO - Optimization completed!
2025-04-23 17:28:23,571 - INFO - Best parameters: {'boost_duration': 3000000, 'boost_weight': 800, 'boost_decay': 1000000, 'slice_us': 20000, 'slice_min_us': 2000}
2025-04-23 17:28:23,574 - INFO - Best value: 74.26
2025-04-23 17:28:23,966 - WARNING - Plotly not installed. Skipping visualizations.
2025-04-23 17:28:24,290 - INFO - Simple matplotlib plots saved as fallback
2025-04-23 17:28:24,290 - INFO - Visualizations saved to optuna_results_20250423_172312/plots/
